apiVersion: workload.serving.volcano.sh/v1alpha1
kind: AutoscalingPolicy
metadata:
  labels:
    workload.serving.volcano.sh/backend-name: ""
    workload.serving.volcano.sh/managed-by: workload.serving.volcano.sh
    workload.serving.volcano.sh/model-name: multi-backend-model
    workload.serving.volcano.sh/revision: 85879f66b9
    workload.serving.volcano.sh/model-uid: randomUID
  name: multi-backend-model
  namespace: dev
  ownerReferences:
    - apiVersion: workload.serving.volcano.sh/v1alpha1
      kind: ModelBooster
      name: multi-backend-model
      uid: randomUID
      controller: true
      blockOwnerDeletion: true
spec:
  metrics:
    - metricName: "kthena:num_requests_waiting"
      targetValue: 10