apiVersion: workload.serving.volcano.sh/v1alpha1
kind: AutoscalingPolicyBinding
metadata:
  labels:
    workload.serving.volcano.sh/backend-name: ""
    workload.serving.volcano.sh/managed-by: workload.serving.volcano.sh
    workload.serving.volcano.sh/model-name: multi-backend-model
    workload.serving.volcano.sh/revision: 6f5c67b457
    workload.serving.volcano.sh/model-uid: randomUID
  name: multi-backend-model
  namespace: dev
  ownerReferences:
    - apiVersion: workload.serving.volcano.sh/v1alpha1
      kind: ModelBooster
      name: multi-backend-model
      uid: randomUID
      controller: true
      blockOwnerDeletion: true
spec:
  policyRef:
    name: multi-backend-model
  optimizerConfiguration:
    costExpansionRatePercent: 200
    params:
      - maxReplicas: 2
        minReplicas: 0
        cost: 0
        target:
          additionalMatchLabels:
            modelserving.volcano.sh/role: leader
          targetRef:
            name: multi-backend-model-backend1
            kind: ModelServing
          metricFrom: {}
      - maxReplicas: 1
        minReplicas: 0
        cost: 0
        target:
          additionalMatchLabels:
            modelserving.volcano.sh/role: leader
          targetRef:
            name: multi-backend-model-backend2
            kind: ModelServing
          metricFrom: { }


