apiVersion: workload.serving.volcano.sh/v1alpha1
kind: AutoscalingPolicy
metadata:
  labels:
    workload.serving.volcano.sh/backend-name: backend1
    workload.serving.volcano.sh/managed-by: workload.serving.volcano.sh
    workload.serving.volcano.sh/model-name: test-model
    workload.serving.volcano.sh/revision: 656cd7ccb9
    workload.serving.volcano.sh/model-uid: randomUID
  name: test-model-backend1
  namespace: default
  ownerReferences:
    - apiVersion: workload.serving.volcano.sh/v1alpha1
      kind: ModelBooster
      name: test-model
      uid: randomUID
      controller: true
      blockOwnerDeletion: true
spec:
  metrics:
    - metricName: "vllm:iteration_tokens_total"
      targetValue: 10