apiVersion: networking.matrixinfer.ai/v1alpha1
kind: ModelRoute
metadata:
  name: multi-backend-model-route
  namespace: dev
  ownerReferences:
    - apiVersion: registry.matrixinfer.ai/v1alpha1
      kind: Model
      name: multi-backend-model
      uid: randomUID
spec:
  loraAdapters:
    - "lora-sql"
  rules:
    - name: "default"
      targetModels:
        - modelServerName: "multi-backend-model-0-vllm-server"
        - modelServerName: "multi-backend-model-1-vllm-server"