apiVersion: networking.serving.volcano.sh/v1alpha1
kind: ModelRoute
metadata:
  name: test-model
  namespace: default
  labels:
    workload.serving.volcano.sh/backend-name: ""
    workload.serving.volcano.sh/managed-by: workload.serving.volcano.sh
    workload.serving.volcano.sh/model-name: test-model
    workload.serving.volcano.sh/model-uid: randomUID
    workload.serving.volcano.sh/revision: 667ccbd788
  ownerReferences:
    - apiVersion: workload.serving.volcano.sh/v1alpha1
      kind: ModelBooster
      name: test-model
      uid: randomUID
spec:
  modelName: "test-model"
  loraAdapters:
    - "lora-sql"
  rules:
    - name: "default"
      targetModels:
        - modelServerName: "test-model-backend1"
