apiVersion: registry.volcano.sh/v1alpha1
kind: AutoscalingPolicy
metadata:
  labels:
    registry.volcano.sh/backend-name: ""
    registry.volcano.sh/managed-by: registry.volcano.sh
    registry.volcano.sh/model-name: multi-backend-model
    registry.volcano.sh/revision: 85879f66b9
    registry.volcano.sh/model-uid: randomUID
  name: multi-backend-model
  namespace: dev
  ownerReferences:
    - apiVersion: registry.volcano.sh/v1alpha1
      kind: Model
      name: multi-backend-model
      uid: randomUID
      controller: true
      blockOwnerDeletion: true
spec:
  metrics:
    - metricName: "kthena:num_requests_waiting"
      targetValue: 10